afl-corpus/explore-findings/crashes/id:000000,sig:11,src:000000,op:flip1,pos:10 3
afl-corpus/explore-findings/crashes/id:000001,sig:11,src:000000,op:flip1,pos:10 3
afl-corpus/explore-findings/crashes/id:000002,sig:11,src:000000,op:flip1,pos:10 3
afl-corpus/explore-findings/crashes/id:000003,sig:11,src:000000,op:flip1,pos:12 3
afl-corpus/explore-findings/crashes/id:000004,sig:11,src:000000,op:flip1,pos:12 3
afl-corpus/explore-findings/crashes/id:000005,sig:11,src:000000,op:flip1,pos:12 3
afl-corpus/explore-findings/crashes/id:000006,sig:11,src:000000,op:flip1,pos:12 3
afl-corpus/explore-findings/crashes/id:000007,sig:11,src:000000,op:flip2,pos:11 3
afl-corpus/explore-findings/crashes/id:000008,sig:11,src:000000,op:flip2,pos:12 3
afl-corpus/explore-findings/crashes/id:000009,sig:11,src:000000,op:flip2,pos:12 3
afl-corpus/explore-findings/crashes/id:000010,sig:11,src:000000,op:flip4,pos:10 3
afl-corpus/explore-findings/crashes/id:000011,sig:11,src:000000,op:flip8,pos:10 3
afl-corpus/explore-findings/crashes/id:000012,sig:11,src:000000,op:arith8,pos:11,val:+6 3
afl-corpus/explore-findings/crashes/id:000013,sig:11,src:000000,op:arith8,pos:12,val:-9 3
afl-corpus/explore-findings/crashes/id:000014,sig:11,src:000000,op:havoc,rep:16 3
afl-corpus/explore-findings/crashes/id:000015,sig:11,src:000000,op:havoc,rep:2 3
afl-corpus/explore-findings/crashes/id:000016,sig:11,src:000000,op:havoc,rep:4 3
afl-corpus/explore-findings/crashes/id:000017,sig:11,src:000000,op:havoc,rep:4 3
afl-corpus/explore-findings/crashes/id:000018,sig:11,src:000000,op:havoc,rep:2 3
afl-corpus/explore-findings/crashes/id:000019,sig:11,src:000000,op:havoc,rep:8 3
afl-corpus/explore-findings/crashes/id:000020,sig:11,src:000000,op:havoc,rep:8 3
afl-corpus/explore-findings/crashes/id:000021,sig:11,src:000000,op:havoc,rep:8 3
afl-corpus/explore-findings/crashes/id:000022,sig:11,src:000000,op:havoc,rep:4 3
afl-corpus/explore-findings/crashes/id:000023,sig:06,src:000000,op:havoc,rep:8 3
afl-corpus/explore-findings/crashes/id:000024,sig:06,src:000000,op:havoc,rep:8 3
afl-corpus/explore-findings/crashes/id:000025,sig:06,src:000033,op:havoc,rep:8 3
afl-corpus/explore-findings/crashes/id:000026,sig:11,src:000033,op:havoc,rep:2 3
afl-corpus/explore-findings/crashes/id:000027,sig:11,src:000040,op:havoc,rep:2 3
afl-corpus/explore-findings/crashes/id:000028,sig:11,src:000070,op:havoc,rep:2 3
afl-corpus/explore-findings/crashes/id:000029,sig:11,src:000070,op:havoc,rep:8 3
afl-corpus/explore-findings/crashes/id:000030,sig:11,src:000070,op:havoc,rep:16 3
afl-corpus/explore-findings/crashes/id:000031,sig:11,src:000090,op:havoc,rep:4 3
afl-corpus/explore-findings/crashes/id:000032,sig:11,src:000096,op:flip1,pos:10 3
afl-corpus/explore-findings/crashes/id:000033,sig:11,src:000096,op:int16,pos:14,val:+1 3
afl-corpus/explore-findings/crashes/id:000034,sig:11,src:000104,op:int32,pos:16,val:-32768 3
afl-corpus/explore-findings/crashes/id:000035,sig:11,src:000118,op:flip1,pos:58 3
afl-corpus/explore-findings/crashes/id:000036,sig:11,src:000187,op:flip1,pos:10 3
afl-corpus/explore-findings/crashes/id:000037,sig:11,src:000187,op:flip1,pos:12 3
afl-corpus/explore-findings/crashes/id:000038,sig:11,src:000187,op:flip1,pos:15 3
afl-corpus/explore-findings/crashes/README.txt 1
afl-corpus/tgunzip-findings2/crashes/id:000000,sig:11,src:000001,op:havoc,rep:4 4
afl-corpus/tgunzip-findings2/crashes/id:000001,sig:11,src:000001,op:havoc,rep:2 4
afl-corpus/tgunzip-findings2/crashes/id:000002,sig:11,src:000001,op:havoc,rep:2 4
afl-corpus/tgunzip-findings2/crashes/id:000003,sig:11,src:000002,op:havoc,rep:4 3
afl-corpus/tgunzip-findings2/crashes/README.txt 1
afl-corpus/tgunzip-findings3/crashes/id:000000,sig:11,src:000001,op:havoc,rep:4 3
afl-corpus/tgunzip-findings3/crashes/id:000001,sig:11,src:000001,op:havoc,rep:2 4
afl-corpus/tgunzip-findings3/crashes/id:000002,sig:11,src:000001,op:havoc,rep:2 3
afl-corpus/tgunzip-findings3/crashes/id:000003,sig:11,src:000001,op:havoc,rep:2 4
afl-corpus/tgunzip-findings3/crashes/id:000004,sig:11,src:000002,op:havoc,rep:4 0
afl-corpus/tgunzip-findings3/crashes/id:000005,sig:11,src:000005,op:flip1,pos:20 3
afl-corpus/tgunzip-findings3/crashes/id:000006,sig:11,src:000005,op:flip1,pos:22 3
afl-corpus/tgunzip-findings3/crashes/id:000007,sig:11,src:000005,op:flip4,pos:24 3
afl-corpus/tgunzip-findings3/crashes/id:000008,sig:11,src:000005,op:arith8,pos:3,val:+10 3
afl-corpus/tgunzip-findings3/crashes/id:000009,sig:11,src:000005,op:arith8,pos:3,val:+18 3
afl-corpus/tgunzip-findings3/crashes/id:000010,sig:11,src:000005,op:int8,pos:23,val:-1 3
afl-corpus/tgunzip-findings3/crashes/id:000011,sig:11,src:000005,op:havoc,rep:4 3
afl-corpus/tgunzip-findings3/crashes/id:000012,sig:11,src:000005,op:havoc,rep:16 3
afl-corpus/tgunzip-findings3/crashes/id:000013,sig:11,src:000005,op:havoc,rep:8 3
afl-corpus/tgunzip-findings3/crashes/id:000014,sig:11,src:000005,op:havoc,rep:2 3
afl-corpus/tgunzip-findings3/crashes/id:000015,sig:11,src:000005,op:havoc,rep:2 3
afl-corpus/tgunzip-findings3/crashes/id:000016,sig:11,src:000005,op:havoc,rep:2 3
afl-corpus/tgunzip-findings3/crashes/id:000017,sig:11,src:000005,op:havoc,rep:2 3
afl-corpus/tgunzip-findings3/crashes/id:000018,sig:11,src:000082,op:flip32,pos:19 3
afl-corpus/tgunzip-findings3/crashes/id:000019,sig:11,src:000082,op:int32,pos:19,val:be:+65535 3
afl-corpus/tgunzip-findings3/crashes/id:000020,sig:11,src:000155,op:flip2,pos:28 3
afl-corpus/tgunzip-findings3/crashes/id:000021,sig:11,src:000166,op:flip2,pos:10 3
afl-corpus/tgunzip-findings3/crashes/id:000022,sig:11,src:000156,op:int16,pos:26,val:-129 3
afl-corpus/tgunzip-findings3/crashes/id:000023,sig:11,src:000193,op:int16,pos:31,val:be:+32 3
afl-corpus/tgunzip-findings3/crashes/id:000024,sig:11,src:000230,op:havoc,rep:2 3
afl-corpus/tgunzip-findings3/crashes/id:000025,sig:11,src:000230,op:havoc,rep:2 3
afl-corpus/tgunzip-findings3/crashes/id:000026,sig:11,src:000245,op:havoc,rep:2 3
afl-corpus/tgunzip-findings3/crashes/id:000027,sig:11,src:000254,op:flip1,pos:32 3
afl-corpus/tgunzip-findings3/crashes/id:000028,sig:11,src:000079,op:int32,pos:20,val:-128 3
afl-corpus/tgunzip-findings3/crashes/id:000029,sig:11,src:000247,op:havoc,rep:4 3
afl-corpus/tgunzip-findings3/crashes/id:000030,sig:11,src:000257,op:havoc,rep:2 3
afl-corpus/tgunzip-findings3/crashes/id:000031,sig:11,src:000257,op:havoc,rep:2 3
afl-corpus/tgunzip-findings3/crashes/id:000032,sig:11,src:000248,op:havoc,rep:2 3
afl-corpus/tgunzip-findings3/crashes/id:000033,sig:11,src:000291,op:havoc,rep:2 3
afl-corpus/tgunzip-findings3/crashes/id:000034,sig:11,src:000301,op:havoc,rep:64 3
afl-corpus/tgunzip-findings3/crashes/id:000035,sig:11,src:000252,op:havoc,rep:2 3
afl-corpus/tgunzip-findings3/crashes/id:000036,sig:11,src:000310,op:arith32,pos:20,val:be:-8 3
afl-corpus/tgunzip-findings3/crashes/id:000037,sig:11,src:000319+000163,op:splice,rep:2 3
afl-corpus/tgunzip-findings3/crashes/id:000038,sig:11,src:000320,op:flip1,pos:27 3
afl-corpus/tgunzip-findings3/crashes/id:000039,sig:11,src:000320,op:ext_AO,pos:43 3
afl-corpus/tgunzip-findings3/crashes/id:000040,sig:11,src:000326,op:havoc,rep:32 3
afl-corpus/tgunzip-findings3/crashes/id:000041,sig:11,src:000016,op:havoc,rep:4 0
afl-corpus/tgunzip-findings3/crashes/id:000042,sig:11,src:000205+000322,op:splice,rep:64 3
afl-corpus/tgunzip-findings3/crashes/id:000043,sig:11,src:000001+000321,op:splice,rep:4 3
afl-corpus/tgunzip-findings3/crashes/README.txt 1
afl-corpus/tgunzip-findings4/crashes/id:000000,sig:11,src:000001,op:havoc,rep:2 4
afl-corpus/tgunzip-findings4/crashes/id:000001,sig:11,src:000001,op:havoc,rep:2 4
afl-corpus/tgunzip-findings4/crashes/id:000002,sig:11,src:000001,op:havoc,rep:2 4
afl-corpus/tgunzip-findings4/crashes/id:000003,sig:11,src:000001,op:havoc,rep:4 0
afl-corpus/tgunzip-findings4/crashes/id:000004,sig:11,src:000034,op:int32,pos:44,val:+1000 0
afl-corpus/tgunzip-findings4/crashes/id:000005,sig:11,src:000063,op:int32,pos:17,val:+1000 0
afl-corpus/tgunzip-findings4/crashes/id:000006,sig:11,src:000019+000004,op:splice,rep:2 4
afl-corpus/tgunzip-findings4/crashes/id:000007,sig:11,src:000047+000264,op:splice,rep:2 0
afl-corpus/tgunzip-findings4/crashes/id:000008,sig:11,src:000194+000266,op:splice,rep:2 0
afl-corpus/tgunzip-findings4/crashes/id:000009,sig:11,src:000134+000005,op:splice,rep:2 4
afl-corpus/tgunzip-findings4/crashes/id:000010,sig:11,src:000220+000226,op:splice,rep:8 4
afl-corpus/tgunzip-findings4/crashes/README.txt 1
afl-corpus/tgunzip-findings5/crashes/id:000000,sig:06,src:000001,op:flip8,pos:12 3
afl-corpus/tgunzip-findings5/crashes/id:000001,sig:06,src:000001,op:havoc,rep:16 3
afl-corpus/tgunzip-findings5/crashes/id:000002,sig:06,src:000001,op:havoc,rep:4 3
afl-corpus/tgunzip-findings5/crashes/id:000003,sig:06,src:000001,op:havoc,rep:4 3
afl-corpus/tgunzip-findings5/crashes/id:000004,sig:06,src:000001,op:havoc,rep:4 3
afl-corpus/tgunzip-findings5/crashes/id:000005,sig:06,src:000012,op:flip1,pos:13 3
afl-corpus/tgunzip-findings5/crashes/id:000006,sig:06,src:000012,op:havoc,rep:16 3
afl-corpus/tgunzip-findings5/crashes/id:000007,sig:06,src:000108,op:arith16,pos:14,val:-2 3
afl-corpus/tgunzip-findings5/crashes/id:000008,sig:06,src:000003,op:havoc,rep:4 3
afl-corpus/tgunzip-findings5/crashes/id:000009,sig:06,src:000140,op:flip1,pos:15 3
afl-corpus/tgunzip-findings5/crashes/id:000010,sig:06,src:000092,op:flip4,pos:3 3
afl-corpus/tgunzip-findings5/crashes/id:000011,sig:06,src:000155,op:havoc,rep:8 3
afl-corpus/tgunzip-findings5/crashes/id:000012,sig:06,src:000163+000116,op:splice,rep:8 0
afl-corpus/tgunzip-findings5/crashes/id:000013,sig:06,src:000171,op:havoc,rep:2 0
afl-corpus/tgunzip-findings5/crashes/id:000014,sig:06,src:000170,op:havoc,rep:8 3
afl-corpus/tgunzip-findings5/crashes/README.txt 1
afl-corpus/tgunzip-findings6/crashes/id:000000,sig:06,src:000001,op:flip8,pos:12 3
afl-corpus/tgunzip-findings6/crashes/id:000001,sig:06,src:000001,op:havoc,rep:16 3
afl-corpus/tgunzip-findings6/crashes/id:000002,sig:06,src:000001,op:havoc,rep:4 3
afl-corpus/tgunzip-findings6/crashes/id:000003,sig:06,src:000001,op:havoc,rep:8 3
afl-corpus/tgunzip-findings6/crashes/id:000004,sig:06,src:000001,op:havoc,rep:8 3
afl-corpus/tgunzip-findings6/crashes/id:000005,sig:06,src:000001,op:havoc,rep:4 3
afl-corpus/tgunzip-findings6/crashes/id:000006,sig:06,src:000012,op:flip1,pos:13 3
afl-corpus/tgunzip-findings6/crashes/id:000007,sig:06,src:000121,op:arith8,pos:12,val:+26 3
afl-corpus/tgunzip-findings6/crashes/id:000008,sig:06,src:000137,op:flip1,pos:58 3
afl-corpus/tgunzip-findings6/crashes/README.txt 1
afl-corpus/tgunzip-findings7/crashes/id:000000,sig:06,src:000001,op:havoc,rep:8 3
afl-corpus/tgunzip-findings7/crashes/id:000001,sig:06,src:000019,op:havoc,rep:4 3
afl-corpus/tgunzip-findings7/crashes/id:000002,sig:06,src:000021,op:havoc,rep:8 3
afl-corpus/tgunzip-findings7/crashes/README.txt 1
afl-corpus/tgunzip-findings8/crashes/id:000000,sig:06,src:000157,op:havoc,rep:4 0
afl-corpus/tgunzip-findings8/crashes/README.txt 1
afl-corpus/tgunzip-findings/crashes/id:000000,sig:11,src:000001,op:flip1,pos:3 3
afl-corpus/tgunzip-findings/crashes/id:000001,sig:11,src:000001,op:flip1,pos:3 1
afl-corpus/tgunzip-findings/crashes/id:000002,sig:11,src:000001,op:flip2,pos:10 3
afl-corpus/tgunzip-findings/crashes/id:000003,sig:11,src:000001,op:flip4,pos:10 3
afl-corpus/tgunzip-findings/crashes/id:000004,sig:11,src:000001,op:flip4,pos:12 3
afl-corpus/tgunzip-findings/crashes/id:000005,sig:11,src:000001,op:flip16,pos:10 3
afl-corpus/tgunzip-findings/crashes/id:000006,sig:11,src:000001,op:arith8,pos:12,val:-21 3
afl-corpus/tgunzip-findings/crashes/id:000007,sig:11,src:000001,op:int16,pos:12,val:be:+1000 3
afl-corpus/tgunzip-findings/crashes/id:000008,sig:11,src:000001,op:havoc,rep:32 1
afl-corpus/tgunzip-findings/crashes/id:000009,sig:11,src:000001,op:havoc,rep:16 3
afl-corpus/tgunzip-findings/crashes/id:000010,sig:07,src:000001,op:havoc,rep:2 3
afl-corpus/tgunzip-findings/crashes/id:000011,sig:11,src:000001,op:havoc,rep:16 3
afl-corpus/tgunzip-findings/crashes/id:000012,sig:11,src:000001,op:havoc,rep:4 3
afl-corpus/tgunzip-findings/crashes/id:000013,sig:11,src:000001,op:havoc,rep:4 3
afl-corpus/tgunzip-findings/crashes/id:000014,sig:11,src:000001,op:havoc,rep:8 3
afl-corpus/tgunzip-findings/crashes/id:000015,sig:11,src:000001,op:havoc,rep:32 3
afl-corpus/tgunzip-findings/crashes/id:000016,sig:07,src:000001,op:havoc,rep:2 3
afl-corpus/tgunzip-findings/crashes/id:000017,sig:11,src:000001,op:havoc,rep:2 3
afl-corpus/tgunzip-findings/crashes/id:000018,sig:11,src:000001,op:havoc,rep:8 3
afl-corpus/tgunzip-findings/crashes/id:000019,sig:11,src:000001,op:havoc,rep:8 3
afl-corpus/tgunzip-findings/crashes/id:000020,sig:11,src:000001,op:havoc,rep:8 3
afl-corpus/tgunzip-findings/crashes/id:000021,sig:11,src:000001,op:havoc,rep:4 3
afl-corpus/tgunzip-findings/crashes/id:000022,sig:11,src:000001,op:havoc,rep:4 3
afl-corpus/tgunzip-findings/crashes/id:000023,sig:06,src:000001,op:havoc,rep:4 3
afl-corpus/tgunzip-findings/crashes/id:000024,sig:11,src:000001,op:havoc,rep:8 3
afl-corpus/tgunzip-findings/crashes/id:000025,sig:11,src:000005,op:flip1,pos:22 3
afl-corpus/tgunzip-findings/crashes/id:000026,sig:11,src:000005,op:havoc,rep:16 3
afl-corpus/tgunzip-findings/crashes/id:000027,sig:11,src:000005,op:havoc,rep:2 3
afl-corpus/tgunzip-findings/crashes/id:000028,sig:11,src:000005,op:havoc,rep:4 3
afl-corpus/tgunzip-findings/crashes/id:000029,sig:11,src:000005,op:havoc,rep:8 3
afl-corpus/tgunzip-findings/crashes/id:000030,sig:11,src:000005,op:havoc,rep:8 3
afl-corpus/tgunzip-findings/crashes/id:000031,sig:11,src:000005,op:havoc,rep:4 3
afl-corpus/tgunzip-findings/crashes/id:000032,sig:11,src:000005,op:havoc,rep:8 3
afl-corpus/tgunzip-findings/crashes/id:000033,sig:11,src:000005,op:havoc,rep:16 3
afl-corpus/tgunzip-findings/crashes/id:000034,sig:11,src:000005,op:havoc,rep:8 3
afl-corpus/tgunzip-findings/crashes/id:000035,sig:11,src:000005,op:havoc,rep:8 3
afl-corpus/tgunzip-findings/crashes/min:id:000000,sig:11,src:000001,op:flip1,pos:3 3
afl-corpus/tgunzip-findings/crashes/min:id:000002,sig:11,src:000001,op:flip2,pos:10 3
afl-corpus/tgunzip-findings/crashes/min:id:000003,sig:11,src:000001,op:flip4,pos:10 3
afl-corpus/tgunzip-findings/crashes/min:id:000004,sig:11,src:000001,op:flip4,pos:12 3
afl-corpus/tgunzip-findings/crashes/min:id:000005,sig:11,src:000001,op:flip16,pos:10 3
afl-corpus/tgunzip-findings/crashes/min:id:000006,sig:11,src:000001,op:arith8,pos:12,val:-21 3
afl-corpus/tgunzip-findings/crashes/min:id:000007,sig:11,src:000001,op:int16,pos:12,val:be:+1000 3
afl-corpus/tgunzip-findings/crashes/min:id:000008,sig:11,src:000001,op:havoc,rep:32 1
afl-corpus/tgunzip-findings/crashes/min:id:000009,sig:11,src:000001,op:havoc,rep:16 3
afl-corpus/tgunzip-findings/crashes/min:id:000010,sig:07,src:000001,op:havoc,rep:2 3
afl-corpus/tgunzip-findings/crashes/min:id:000011,sig:11,src:000001,op:havoc,rep:16 3
afl-corpus/tgunzip-findings/crashes/min:id:000012,sig:11,src:000001,op:havoc,rep:4 3
afl-corpus/tgunzip-findings/crashes/min:id:000013,sig:11,src:000001,op:havoc,rep:4 3
afl-corpus/tgunzip-findings/crashes/min:id:000014,sig:11,src:000001,op:havoc,rep:8 3
afl-corpus/tgunzip-findings/crashes/min:id:000015,sig:11,src:000001,op:havoc,rep:32 3
afl-corpus/tgunzip-findings/crashes/min:id:000016,sig:07,src:000001,op:havoc,rep:2 3
afl-corpus/tgunzip-findings/crashes/min:id:000017,sig:11,src:000001,op:havoc,rep:2 3
afl-corpus/tgunzip-findings/crashes/min:id:000018,sig:11,src:000001,op:havoc,rep:8 3
afl-corpus/tgunzip-findings/crashes/min:id:000019,sig:11,src:000001,op:havoc,rep:8 3
afl-corpus/tgunzip-findings/crashes/min:id:000020,sig:11,src:000001,op:havoc,rep:8 3
afl-corpus/tgunzip-findings/crashes/min:id:000021,sig:11,src:000001,op:havoc,rep:4 3
afl-corpus/tgunzip-findings/crashes/min:id:000022,sig:11,src:000001,op:havoc,rep:4 3
afl-corpus/tgunzip-findings/crashes/min:id:000023,sig:06,src:000001,op:havoc,rep:4 3
afl-corpus/tgunzip-findings/crashes/min:id:000024,sig:11,src:000001,op:havoc,rep:8 3
afl-corpus/tgunzip-findings/crashes/min:id:000025,sig:11,src:000005,op:flip1,pos:22 3
afl-corpus/tgunzip-findings/crashes/min:id:000026,sig:11,src:000005,op:havoc,rep:16 3
afl-corpus/tgunzip-findings/crashes/min:id:000027,sig:11,src:000005,op:havoc,rep:2 3
afl-corpus/tgunzip-findings/crashes/min:id:000028,sig:11,src:000005,op:havoc,rep:4 1
afl-corpus/tgunzip-findings/crashes/min:id:000029,sig:11,src:000005,op:havoc,rep:8 3
afl-corpus/tgunzip-findings/crashes/min:id:000030,sig:11,src:000005,op:havoc,rep:8 3
afl-corpus/tgunzip-findings/crashes/min:id:000031,sig:11,src:000005,op:havoc,rep:4 3
afl-corpus/tgunzip-findings/crashes/min:id:000032,sig:11,src:000005,op:havoc,rep:8 3
afl-corpus/tgunzip-findings/crashes/min:id:000033,sig:11,src:000005,op:havoc,rep:16 3
afl-corpus/tgunzip-findings/crashes/min:id:000034,sig:11,src:000005,op:havoc,rep:8 3
afl-corpus/tgunzip-findings/crashes/min:id:000035,sig:11,src:000005,op:havoc,rep:8 3
afl-corpus/tgunzip-findings/crashes/README.txt 1
